#########################################################################
#	Version: 0.2
#   Licence: GNU GPL
#	Autor: Mauricio A. Perea Ardila
#   Contact: mauricio.perea at correounivalle.edu.co
#   Materia: Geoinformación en la web 2021
#   Postgrado: Especialización en Geomática
#   Tema: Uso de Mapfiles y configuración de datos geográficos (mapserver)
###########################################################################
     #####################Desarrollo Práctico########################
MAP
	NAME tarea_geo
		SIZE 800 600
		STATUS ON
		#EXTENT [xmin] [ymin] [xmax] [ymax]
		EXTENT 1059002.91 870628.61 1060223.70 871519.20
		
		SHAPEPATH "geodata/"
		FONTSET "lib/fonts/fonts.txt"
		SYMBOLSET "lib/symbols/symbols.sym"
		
		IMAGECOLOR 255 255 255
		UNITS METERS

	WEB
		IMAGEPATH "/var/www/html/geoinformacion/mapserver-geoinformacion/tmp/"
		IMAGEURL "tmp/"
	END
	
	#Leyenda embebida
	LEGEND
		STATUS EMBED
		IMAGECOLOR 100 150 80
		POSITION LL
		KEYSIZE 20 12
		KEYSPACING 5 5
		LABEL
			TYPE TRUETYPE
			FONT "sans"
			SIZE 12
			COLOR 0 0 0
		END
		OUTLINECOLOR 51 51 51
		#TRANSPARENT off
	END
	
	SCALEBAR
		STYLE 0
		STATUS EMBED
		SIZE 250 20
		COLOR 0 0 0
		UNITS METERS
		INTERVALS 6
		TRANSPARENT off
		POSITION LR
		BACKGROUNDCOLOR 255 255 255
		IMAGECOLOR 255 255 255
		OUTLINECOLOR 211 211 211
		LABEL
			COLOR 0 0 0
			SIZE TINY
		END 
	END

	LAYER
		NAME "Norte"
		TYPE POINT
		STATUS ON
		TRANSFORM OFF
		POSTLABELCACHE TRUE
		FEATURE
			POINTS 
				100 100
			END
		END
		CLASS
			SYMBOL 'rosavientos'
			SIZE 150
			COLOR 0 0 0
			OUTLINECOLOR 0 0 0
			STYLE END
		END
	END
	
     
	LAYER
		NAME "Poligonos"
		STATUS ON
		DATA "barrios_cali.shp"
		TYPE POLYGON
		
		CLASS
			NAME "Barrios Cali"
			STYLE
				COLOR 200 123 100
				OUTLINECOLOR 0 0 0
			END
		END
	END
		
		LAYER
		NAME "Poligonos"
		STATUS ON
		DATA "deportes.shp"
		TYPE POLYGON
		
		CLASS
			NAME "Deportes"
			STYLE
				COLOR 100 123 0
				OUTLINECOLOR 0 0 0
		        OPACITY 70
			END
		END
	END
	
   LAYER
        NAME "Estadio"
        DATA "estadio_mg.tif"
        TYPE RASTER
        STATUS ON
		OPACITY 70
	 END
	
	LAYER
		NAME "Lineas"
		STATUS ON
		DATA "rutas_mio.shp"
		TYPE LINE
		CLASS
			NAME "Rutas MIO"
			STYLE
				COLOR 0 0 0
				OUTLINECOLOR 7 123 123
			END
		END
	END
	
	LAYER
		NAME "Puntos"
		STATUS ON
		DATA "estaciones_mio.shp"
		TYPE POINT
		CLASS
			NAME "Estaciones MIO"
			STYLE
			    SYMBOL tent
				SIZE 25
				COLOR 100 34 125
				OUTLINECOLOR 50 150 50
			END
		END
	END
	
	LAYER
		NAME "Grilla"
		METADATA
			"DESCRIPTION" "Grid"
		END
		TYPE LINE
		STATUS ON
		CLASS
			NAME "Graticule"
			COLOR 255 255 255
			LABEL
				COLOR 255 0 0
				FONT sans
				TYPE truetype
				SIZE 8
				POSITION AUTO
				PARTIALS FALSE
				BUFFER 5
				OUTLINECOLOR 255 255 255
			END
		END
		PROJECTION
			"init=epsg:3115"
		END
		GRID
			#LABELFORMAT DDMM
			#MAXARCS 5
			#MAXINTERVAL 3
			#MAXSUBDIVIDE 2
			
			LABELFORMAT '%.0fm'
			MININTERVAL 300
		END
	END
END